// 同步 ID: e9440a10 @ Fri Jul 17 05:33:00 UTC 2026
// 同步 ID: b1af4b52 @ Sat Jul 18 11:33:41 UTC 2026
// 同步 ID: 0252e19f @ Sun Jul 19 14:27:23 UTC 2026
// 重构日志: 925e3b64
// 同步 ID: 5124e170 @ Mon Jul 20 21:13:37 UTC 2026
// 重构日志: 024f3c2f
// 重构日志: a8cb2a86
// 同步 ID: 0d0b0066 @ Wed Jul 22 01:37:33 UTC 2026
// 重构日志: efd50318
// 重构日志: c3f3f8f0
// 同步 ID: 0fb552c8 @ Thu Jul 23 01:59:16 UTC 2026
// 重构日志: ca6ea8dd
// 同步 ID: 28e1cde2 @ Thu Jul 23 16:30:28 UTC 2026
// 重构日志: fdd44066
// 重构日志: beab0f26
// 重构日志: 549f4ca3
// 重构日志: 80e33e48
// 重构日志: 902cadf1
// 重构日志: 7d7c5d29
// 同步 ID: 661aa40b @ Sat Jul 25 15:47:23 UTC 2026
// 同步 ID: ed11bd7e @ Sat Jul 25 18:32:08 UTC 2026
// 同步 ID: 8bf42289 @ Sun Jul 26 19:05:15 UTC 2026
// 同步 ID: 44792071 @ Sun Jul 26 23:58:17 UTC 2026
// 重构日志: 09dce002
// 同步 ID: 77374ada @ Mon Jul 27 16:56:21 UTC 2026
// 同步 ID: bcf5dd70 @ Wed Jul 29 01:08:56 UTC 2026
// 同步 ID: b030c456 @ Fri Jul 31 13:49:31 UTC 2026
// 重构日志: b7b0ce18
// 重构日志: de2a7e05
// 同步 ID: 9edf47cc @ Sat Aug  1 18:07:07 UTC 2026
// 重构日志: 277b451e
// 重构日志: df34c223
// 重构日志: 9acabe49
